******************************************************************************
                  MSP430 Linker PC v20.2.5                     
******************************************************************************
>> Linked Sat Oct  2 19:57:46 2021

OUTPUT FILE NAME:   <Ultrasonic Sensor.out>
ENTRY POINT SYMBOL: "_c_int00_noargs"  address: 0000ccf6


MEMORY CONFIGURATION

         name            origin    length      used     unused   attr    fill
----------------------  --------  ---------  --------  --------  ----  --------
  SFR                   00000000   00000010  00000000  00000010  RWIX
  PERIPHERALS_8BIT      00000010   000000f0  00000000  000000f0  RWIX
  PERIPHERALS_16BIT     00000100   00000100  00000000  00000100  RWIX
  RAM                   00000200   00000200  00000060  000001a0  RWIX
  INFOD                 00001000   00000040  00000000  00000040  RWIX
  INFOC                 00001040   00000040  00000000  00000040  RWIX
  INFOB                 00001080   00000040  00000000  00000040  RWIX
  INFOA                 000010c0   00000040  00000000  00000040  RWIX
  FLASH                 0000c000   00003fde  00000db4  0000322a  RWIX
  BSLSIGNATURE          0000ffde   00000002  00000002  00000000  RWIX  ffff 
  INT00                 0000ffe0   00000002  00000002  00000000  RWIX
  INT01                 0000ffe2   00000002  00000000  00000002  RWIX
  INT02                 0000ffe4   00000002  00000002  00000000  RWIX
  INT03                 0000ffe6   00000002  00000002  00000000  RWIX
  INT04                 0000ffe8   00000002  00000000  00000002  RWIX
  INT05                 0000ffea   00000002  00000002  00000000  RWIX
  INT06                 0000ffec   00000002  00000002  00000000  RWIX
  INT07                 0000ffee   00000002  00000002  00000000  RWIX
  INT08                 0000fff0   00000002  00000002  00000000  RWIX
  INT09                 0000fff2   00000002  00000002  00000000  RWIX
  INT10                 0000fff4   00000002  00000002  00000000  RWIX
  INT11                 0000fff6   00000002  00000002  00000000  RWIX
  INT12                 0000fff8   00000002  00000002  00000000  RWIX
  INT13                 0000fffa   00000002  00000002  00000000  RWIX
  INT14                 0000fffc   00000002  00000002  00000000  RWIX
  RESET                 0000fffe   00000002  00000002  00000000  RWIX


SECTION ALLOCATION MAP

 output                                  attributes/
section   page    origin      length       input sections
--------  ----  ----------  ----------   ----------------
.bss       0    00000200    00000010     UNINITIALIZED
                  00000200    00000004     (.common:delta_time)
                  00000204    00000004     (.common:distance)
                  00000208    00000004     (.common:end_time)
                  0000020c    00000004     (.common:start_time)

.stack     0    000003b0    00000050     UNINITIALIZED
                  000003b0    00000002     rts430_eabi.lib : boot.c.obj (.stack)
                  000003b2    0000004e     --HOLE--

.text      0    0000c000    00000da6     
                  0000c000    00000478     rts430_eabi.lib : frcdivd.c.obj (.text:__TI_frcdivd)
                  0000c478    00000238                     : divd.c.obj (.text:__mspabi_divd)
                  0000c6b0    000000ec     main.obj (.text:ta1_isr)
                  0000c79c    000000dc     rts430_eabi.lib : cmpd.c.obj (.text:__mspabi_cmpd)
                  0000c878    0000008a                     : fltuld.c.obj (.text:__mspabi_fltuld)
                  0000c902    00000074                     : fixdul.c.obj (.text:__mspabi_fixdul)
                  0000c976    0000005c                     : lsr32.asm.obj (.text:l_lsr_const)
                  0000c9d2    00000058                     : div32u.asm.obj (.text)
                  0000ca2a    00000054     main.obj (.text:USCI0RX_ISR)
                  0000ca7e    00000050     main.obj (.text:printNumber)
                  0000cace    0000004c     rts430_eabi.lib : lsr16.asm.obj (.text)
                  0000cb1a    00000042                     : autoinit.c.obj (.text:__TI_auto_init_nobinit_nopinit:__TI_auto_init_nobinit_nopinit)
                  0000cb5c    0000003e                     : asr32.asm.obj (.text:l_asr_const)
                  0000cb9a    0000003e                     : lsl32.asm.obj (.text:l_lsl_const)
                  0000cbd8    00000032     main.obj (.text:main)
                  0000cc0a    0000002c     rts430_eabi.lib : asr16.asm.obj (.text)
                  0000cc36    0000002c                     : lsl16.asm.obj (.text)
                  0000cc62    0000002a     main.obj (.text:init_uart)
                  0000cc8c    00000026     rts430_eabi.lib : mult32.asm.obj (.text)
                  0000ccb2    00000024     main.obj (.text:init_timer)
                  0000ccd6    00000020     main.obj (.text:print)
                  0000ccf6    0000001c     rts430_eabi.lib : boot.c.obj (.text:_c_int00_noargs)
                  0000cd12    0000001a     main.obj (.text:wait_ms)
                  0000cd2c    00000016     main.obj (.text:init_ultrasonic_pins)
                  0000cd42    00000014     rts430_eabi.lib : copy_zero_init.c.obj (.text:decompress:ZI:__TI_zero_init_nomemset:__TI_zero_init_nomemset)
                  0000cd56    00000014                     : mult16.asm.obj (.text)
                  0000cd6a    00000012                     : lsr32.asm.obj (.text:l_lsr)
                  0000cd7c    00000010                     : epilog.asm.obj (.text)
                  0000cd8c    00000008                     : isr_trap.asm.obj (.text:_isr:__TI_ISR_TRAP)
                  0000cd94    00000006                     : exit.c.obj (.text:abort)
                  0000cd9a    00000006     main.obj (.text:reset_timer)
                  0000cda0    00000004     rts430_eabi.lib : pre_init.c.obj (.text:_system_pre_init)
                  0000cda4    00000002                     : startup.c.obj (.text:_system_post_cinit)

.const     0    0000cda6    00000004     
                  0000cda6    00000004     main.obj (.const:.string)

.cinit     0    0000cdaa    0000000a     
                  0000cdaa    00000004     (.cinit..bss.load) [load image, compression = zero_init]
                  0000cdae    00000002     (__TI_handler_table)
                  0000cdb0    00000004     (__TI_cinit_table)

.binit     0    0000c000    00000000     

.init_array 
*          0    0000c000    00000000     UNINITIALIZED

TRAPINT    0    0000ffe0    00000002     
                  0000ffe0    00000002     rts430_eabi.lib : int00.asm.obj (.int00)

PORT1      0    0000ffe4    00000002     
                  0000ffe4    00000002     rts430_eabi.lib : int02.asm.obj (.int02)

PORT2      0    0000ffe6    00000002     
                  0000ffe6    00000002     rts430_eabi.lib : int03.asm.obj (.int03)

ADC10      0    0000ffea    00000002     
                  0000ffea    00000002     rts430_eabi.lib : int05.asm.obj (.int05)

USCIAB0TX 
*          0    0000ffec    00000002     
                  0000ffec    00000002     rts430_eabi.lib : int06.asm.obj (.int06)

USCIAB0RX 
*          0    0000ffee    00000002     
                  0000ffee    00000002     main.obj (.int07)

TIMER0_A1 
*          0    0000fff0    00000002     
                  0000fff0    00000002     rts430_eabi.lib : int08.asm.obj (.int08)

TIMER0_A0 
*          0    0000fff2    00000002     
                  0000fff2    00000002     rts430_eabi.lib : int09.asm.obj (.int09)

WDT        0    0000fff4    00000002     
                  0000fff4    00000002     rts430_eabi.lib : int10.asm.obj (.int10)

COMPARATORA 
*          0    0000fff6    00000002     
                  0000fff6    00000002     rts430_eabi.lib : int11.asm.obj (.int11)

TIMER1_A1 
*          0    0000fff8    00000002     
                  0000fff8    00000002     rts430_eabi.lib : int12.asm.obj (.int12)

TIMER1_A0 
*          0    0000fffa    00000002     
                  0000fffa    00000002     main.obj (.int13)

NMI        0    0000fffc    00000002     
                  0000fffc    00000002     rts430_eabi.lib : int14.asm.obj (.int14)

.reset     0    0000fffe    00000002     
                  0000fffe    00000002     rts430_eabi.lib : boot.c.obj (.reset)

$fill000   0    0000ffde    00000002     
                  0000ffde    00000002     --HOLE-- [fill = ffff]

MODULE SUMMARY

       Module                 code   ro data   rw data
       ------                 ----   -------   -------
    .\
       main.obj               614    8         16     
    +--+----------------------+------+---------+---------+
       Total:                 614    8         16     
                                                      
    C:\ti\ccs1040\ccs\tools\compiler\ti-cgt-msp430_20.2.5.LTS\lib\rts430_eabi.lib
       frcdivd.c.obj          1144   0         0      
       divd.c.obj             568    0         0      
       cmpd.c.obj             220    0         0      
       fltuld.c.obj           138    0         0      
       fixdul.c.obj           116    0         0      
       lsr32.asm.obj          110    0         0      
       div32u.asm.obj         88     0         0      
       lsr16.asm.obj          76     0         0      
       autoinit.c.obj         66     0         0      
       asr32.asm.obj          62     0         0      
       lsl32.asm.obj          62     0         0      
       asr16.asm.obj          44     0         0      
       lsl16.asm.obj          44     0         0      
       mult32.asm.obj         38     0         0      
       boot.c.obj             28     2         0      
       copy_zero_init.c.obj   20     0         0      
       mult16.asm.obj         20     0         0      
       epilog.asm.obj         16     0         0      
       isr_trap.asm.obj       8      0         0      
       exit.c.obj             6      0         0      
       pre_init.c.obj         4      0         0      
       int00.asm.obj          0      2         0      
       int02.asm.obj          0      2         0      
       int03.asm.obj          0      2         0      
       int05.asm.obj          0      2         0      
       int06.asm.obj          0      2         0      
       int08.asm.obj          0      2         0      
       int09.asm.obj          0      2         0      
       int10.asm.obj          0      2         0      
       int11.asm.obj          0      2         0      
       int12.asm.obj          0      2         0      
       int14.asm.obj          0      2         0      
       startup.c.obj          2      0         0      
    +--+----------------------+------+---------+---------+
       Total:                 2880   24        0      
                                                      
       Stack:                 0      0         80     
       Linker Generated:      0      10        0      
    +--+----------------------+------+---------+---------+
       Grand Total:           3494   42        96     


LINKER GENERATED COPY TABLES

__TI_cinit_table @ 0000cdb0 records: 1, size/record: 4, table size: 4
	.bss: load addr=0000cdaa, load size=00000004 bytes, run addr=00000200, run size=00000010 bytes, compression=zero_init


LINKER GENERATED HANDLER TABLE

__TI_handler_table @ 0000cdae records: 1, size/record: 2, table size: 2
	index: 0, handler: __TI_zero_init


GLOBAL SYMBOLS: SORTED ALPHABETICALLY BY Name 

address   name                          
-------   ----                          
0000004a  ADC10AE0                      
000001b0  ADC10CTL0                     
000001b2  ADC10CTL1                     
00000048  ADC10DTC0                     
00000049  ADC10DTC1                     
000001b4  ADC10MEM                      
000001bc  ADC10SA                       
00000057  BCSCTL1                       
00000058  BCSCTL2                       
00000053  BCSCTL3                       
0000cd94  C$$EXIT                       
00000059  CACTL1                        
0000005a  CACTL2                        
000010fb  CALBC1_12MHZ                  
000010f9  CALBC1_16MHZ                  
000010ff  CALBC1_1MHZ                   
000010fd  CALBC1_8MHZ                   
000010fa  CALDCO_12MHZ                  
000010f8  CALDCO_16MHZ                  
000010fe  CALDCO_1MHZ                   
000010fc  CALDCO_8MHZ                   
0000005b  CAPD                          
00000056  DCOCTL                        
00000128  FCTL1                         
0000012a  FCTL2                         
0000012c  FCTL3                         
00000000  IE1                           
00000001  IE2                           
00000002  IFG1                          
00000003  IFG2                          
00000022  P1DIR                         
00000025  P1IE                          
00000024  P1IES                         
00000023  P1IFG                         
00000020  P1IN                          
00000021  P1OUT                         
00000027  P1REN                         
00000026  P1SEL                         
00000041  P1SEL2                        
0000002a  P2DIR                         
0000002d  P2IE                          
0000002c  P2IES                         
0000002b  P2IFG                         
00000028  P2IN                          
00000029  P2OUT                         
0000002f  P2REN                         
0000002e  P2SEL                         
00000042  P2SEL2                        
0000001a  P3DIR                         
00000018  P3IN                          
00000019  P3OUT                         
00000010  P3REN                         
0000001b  P3SEL                         
00000043  P3SEL2                        
00000172  TA0CCR0                       
00000174  TA0CCR1                       
00000176  TA0CCR2                       
00000162  TA0CCTL0                      
00000164  TA0CCTL1                      
00000166  TA0CCTL2                      
00000160  TA0CTL                        
0000012e  TA0IV                         
00000170  TA0R                          
00000192  TA1CCR0                       
00000194  TA1CCR1                       
00000196  TA1CCR2                       
00000182  TA1CCTL0                      
00000184  TA1CCTL1                      
00000186  TA1CCTL2                      
00000180  TA1CTL                        
0000011e  TA1IV                         
00000190  TA1R                          
000010db  TLV_ADC10_1_LEN               
000010da  TLV_ADC10_1_TAG               
000010c0  TLV_CHECKSUM                  
000010f7  TLV_DCO_30_LEN                
000010f6  TLV_DCO_30_TAG                
0000005d  UCA0ABCTL                     
00000062  UCA0BR0                       
00000063  UCA0BR1                       
00000060  UCA0CTL0                      
00000061  UCA0CTL1                      
0000005f  UCA0IRRCTL                    
0000005e  UCA0IRTCTL                    
00000064  UCA0MCTL                      
00000066  UCA0RXBUF                     
00000065  UCA0STAT                      
00000067  UCA0TXBUF                     
0000006a  UCB0BR0                       
0000006b  UCB0BR1                       
00000068  UCB0CTL0                      
00000069  UCB0CTL1                      
0000006c  UCB0I2CIE                     
00000118  UCB0I2COA                     
0000011a  UCB0I2CSA                     
0000006e  UCB0RXBUF                     
0000006d  UCB0STAT                      
0000006f  UCB0TXBUF                     
0000ca2a  USCI0RX_ISR                   
00000120  WDTCTL                        
00000400  __STACK_END                   
00000050  __STACK_SIZE                  
0000cdb0  __TI_CINIT_Base               
0000cdb4  __TI_CINIT_Limit              
0000cdae  __TI_Handler_Table_Base       
0000cdb0  __TI_Handler_Table_Limit      
0000cd8c  __TI_ISR_TRAP                 
0000cb1a  __TI_auto_init_nobinit_nopinit
0000c000  __TI_frcdivd                  
0000ffe0  __TI_int00                    
0000ffe4  __TI_int02                    
0000ffe6  __TI_int03                    
0000ffea  __TI_int05                    
0000ffec  __TI_int06                    
0000ffee  __TI_int07                    
0000fff0  __TI_int08                    
0000fff2  __TI_int09                    
0000fff4  __TI_int10                    
0000fff6  __TI_int11                    
0000fff8  __TI_int12                    
0000fffa  __TI_int13                    
0000fffc  __TI_int14                    
ffffffff  __TI_pprof_out_hndl           
ffffffff  __TI_prof_data_size           
ffffffff  __TI_prof_data_start          
0000cd42  __TI_zero_init_nomemset       
ffffffff  __c_args__                    
0000c79c  __mspabi_cmpd                 
0000c478  __mspabi_divd                 
0000c9d2  __mspabi_divul                
0000c902  __mspabi_fixdul               
0000c878  __mspabi_fltuld               
0000cd88  __mspabi_func_epilog_1        
0000cd86  __mspabi_func_epilog_2        
0000cd84  __mspabi_func_epilog_3        
0000cd82  __mspabi_func_epilog_4        
0000cd80  __mspabi_func_epilog_5        
0000cd7e  __mspabi_func_epilog_6        
0000cd7c  __mspabi_func_epilog_7        
0000cd56  __mspabi_mpyi                 
0000cd56  __mspabi_mpyi_sw              
0000cc8c  __mspabi_mpyl                 
0000cc8c  __mspabi_mpyl_sw              
0000c9d2  __mspabi_remul                
0000cc36  __mspabi_slli                 
0000cc5e  __mspabi_slli_1               
0000cc4c  __mspabi_slli_10              
0000cc4a  __mspabi_slli_11              
0000cc48  __mspabi_slli_12              
0000cc46  __mspabi_slli_13              
0000cc44  __mspabi_slli_14              
0000cc42  __mspabi_slli_15              
0000cc5c  __mspabi_slli_2               
0000cc5a  __mspabi_slli_3               
0000cc58  __mspabi_slli_4               
0000cc56  __mspabi_slli_5               
0000cc54  __mspabi_slli_6               
0000cc52  __mspabi_slli_7               
0000cc50  __mspabi_slli_8               
0000cc4e  __mspabi_slli_9               
0000cbd2  __mspabi_slll_1               
0000cbae  __mspabi_slll_10              
0000cbaa  __mspabi_slll_11              
0000cba6  __mspabi_slll_12              
0000cba2  __mspabi_slll_13              
0000cb9e  __mspabi_slll_14              
0000cb9a  __mspabi_slll_15              
0000cbce  __mspabi_slll_2               
0000cbca  __mspabi_slll_3               
0000cbc6  __mspabi_slll_4               
0000cbc2  __mspabi_slll_5               
0000cbbe  __mspabi_slll_6               
0000cbba  __mspabi_slll_7               
0000cbb6  __mspabi_slll_8               
0000cbb2  __mspabi_slll_9               
0000cc0a  __mspabi_srai                 
0000cc32  __mspabi_srai_1               
0000cc20  __mspabi_srai_10              
0000cc1e  __mspabi_srai_11              
0000cc1c  __mspabi_srai_12              
0000cc1a  __mspabi_srai_13              
0000cc18  __mspabi_srai_14              
0000cc16  __mspabi_srai_15              
0000cc30  __mspabi_srai_2               
0000cc2e  __mspabi_srai_3               
0000cc2c  __mspabi_srai_4               
0000cc2a  __mspabi_srai_5               
0000cc28  __mspabi_srai_6               
0000cc26  __mspabi_srai_7               
0000cc24  __mspabi_srai_8               
0000cc22  __mspabi_srai_9               
0000cb94  __mspabi_sral_1               
0000cb70  __mspabi_sral_10              
0000cb6c  __mspabi_sral_11              
0000cb68  __mspabi_sral_12              
0000cb64  __mspabi_sral_13              
0000cb60  __mspabi_sral_14              
0000cb5c  __mspabi_sral_15              
0000cb90  __mspabi_sral_2               
0000cb8c  __mspabi_sral_3               
0000cb88  __mspabi_sral_4               
0000cb84  __mspabi_sral_5               
0000cb80  __mspabi_sral_6               
0000cb7c  __mspabi_sral_7               
0000cb78  __mspabi_sral_8               
0000cb74  __mspabi_sral_9               
0000cace  __mspabi_srli                 
0000cb14  __mspabi_srli_1               
0000caf0  __mspabi_srli_10              
0000caec  __mspabi_srli_11              
0000cae8  __mspabi_srli_12              
0000cae4  __mspabi_srli_13              
0000cae0  __mspabi_srli_14              
0000cadc  __mspabi_srli_15              
0000cb10  __mspabi_srli_2               
0000cb0c  __mspabi_srli_3               
0000cb08  __mspabi_srli_4               
0000cb04  __mspabi_srli_5               
0000cb00  __mspabi_srli_6               
0000cafc  __mspabi_srli_7               
0000caf8  __mspabi_srli_8               
0000caf4  __mspabi_srli_9               
0000cd6a  __mspabi_srll                 
0000c9ca  __mspabi_srll_1               
0000c994  __mspabi_srll_10              
0000c98e  __mspabi_srll_11              
0000c988  __mspabi_srll_12              
0000c982  __mspabi_srll_13              
0000c97c  __mspabi_srll_14              
0000c976  __mspabi_srll_15              
0000c9c4  __mspabi_srll_2               
0000c9be  __mspabi_srll_3               
0000c9b8  __mspabi_srll_4               
0000c9b2  __mspabi_srll_5               
0000c9ac  __mspabi_srll_6               
0000c9a6  __mspabi_srll_7               
0000c9a0  __mspabi_srll_8               
0000c99a  __mspabi_srll_9               
0000ccf6  _c_int00_noargs               
0000fffe  _reset_vector                 
000003b0  _stack                        
0000cda4  _system_post_cinit            
0000cda0  _system_pre_init              
0000cd94  abort                         
00000200  delta_time                    
00000204  distance                      
00000208  end_time                      
0000ccb2  init_timer                    
0000cc62  init_uart                     
0000cd2c  init_ultrasonic_pins          
0000cbd8  main                          
0000ccd6  print                         
0000ca7e  printNumber                   
0000cd9a  reset_timer                   
0000020c  start_time                    
0000c6b0  ta1_isr                       
0000cd12  wait_ms                       


GLOBAL SYMBOLS: SORTED BY Symbol Address 

address   name                          
-------   ----                          
00000000  IE1                           
00000001  IE2                           
00000002  IFG1                          
00000003  IFG2                          
00000010  P3REN                         
00000018  P3IN                          
00000019  P3OUT                         
0000001a  P3DIR                         
0000001b  P3SEL                         
00000020  P1IN                          
00000021  P1OUT                         
00000022  P1DIR                         
00000023  P1IFG                         
00000024  P1IES                         
00000025  P1IE                          
00000026  P1SEL                         
00000027  P1REN                         
00000028  P2IN                          
00000029  P2OUT                         
0000002a  P2DIR                         
0000002b  P2IFG                         
0000002c  P2IES                         
0000002d  P2IE                          
0000002e  P2SEL                         
0000002f  P2REN                         
00000041  P1SEL2                        
00000042  P2SEL2                        
00000043  P3SEL2                        
00000048  ADC10DTC0                     
00000049  ADC10DTC1                     
0000004a  ADC10AE0                      
00000050  __STACK_SIZE                  
00000053  BCSCTL3                       
00000056  DCOCTL                        
00000057  BCSCTL1                       
00000058  BCSCTL2                       
00000059  CACTL1                        
0000005a  CACTL2                        
0000005b  CAPD                          
0000005d  UCA0ABCTL                     
0000005e  UCA0IRTCTL                    
0000005f  UCA0IRRCTL                    
00000060  UCA0CTL0                      
00000061  UCA0CTL1                      
00000062  UCA0BR0                       
00000063  UCA0BR1                       
00000064  UCA0MCTL                      
00000065  UCA0STAT                      
00000066  UCA0RXBUF                     
00000067  UCA0TXBUF                     
00000068  UCB0CTL0                      
00000069  UCB0CTL1                      
0000006a  UCB0BR0                       
0000006b  UCB0BR1                       
0000006c  UCB0I2CIE                     
0000006d  UCB0STAT                      
0000006e  UCB0RXBUF                     
0000006f  UCB0TXBUF                     
00000118  UCB0I2COA                     
0000011a  UCB0I2CSA                     
0000011e  TA1IV                         
00000120  WDTCTL                        
00000128  FCTL1                         
0000012a  FCTL2                         
0000012c  FCTL3                         
0000012e  TA0IV                         
00000160  TA0CTL                        
00000162  TA0CCTL0                      
00000164  TA0CCTL1                      
00000166  TA0CCTL2                      
00000170  TA0R                          
00000172  TA0CCR0                       
00000174  TA0CCR1                       
00000176  TA0CCR2                       
00000180  TA1CTL                        
00000182  TA1CCTL0                      
00000184  TA1CCTL1                      
00000186  TA1CCTL2                      
00000190  TA1R                          
00000192  TA1CCR0                       
00000194  TA1CCR1                       
00000196  TA1CCR2                       
000001b0  ADC10CTL0                     
000001b2  ADC10CTL1                     
000001b4  ADC10MEM                      
000001bc  ADC10SA                       
00000200  delta_time                    
00000204  distance                      
00000208  end_time                      
0000020c  start_time                    
000003b0  _stack                        
00000400  __STACK_END                   
000010c0  TLV_CHECKSUM                  
000010da  TLV_ADC10_1_TAG               
000010db  TLV_ADC10_1_LEN               
000010f6  TLV_DCO_30_TAG                
000010f7  TLV_DCO_30_LEN                
000010f8  CALDCO_16MHZ                  
000010f9  CALBC1_16MHZ                  
000010fa  CALDCO_12MHZ                  
000010fb  CALBC1_12MHZ                  
000010fc  CALDCO_8MHZ                   
000010fd  CALBC1_8MHZ                   
000010fe  CALDCO_1MHZ                   
000010ff  CALBC1_1MHZ                   
0000c000  __TI_frcdivd                  
0000c478  __mspabi_divd                 
0000c6b0  ta1_isr                       
0000c79c  __mspabi_cmpd                 
0000c878  __mspabi_fltuld               
0000c902  __mspabi_fixdul               
0000c976  __mspabi_srll_15              
0000c97c  __mspabi_srll_14              
0000c982  __mspabi_srll_13              
0000c988  __mspabi_srll_12              
0000c98e  __mspabi_srll_11              
0000c994  __mspabi_srll_10              
0000c99a  __mspabi_srll_9               
0000c9a0  __mspabi_srll_8               
0000c9a6  __mspabi_srll_7               
0000c9ac  __mspabi_srll_6               
0000c9b2  __mspabi_srll_5               
0000c9b8  __mspabi_srll_4               
0000c9be  __mspabi_srll_3               
0000c9c4  __mspabi_srll_2               
0000c9ca  __mspabi_srll_1               
0000c9d2  __mspabi_divul                
0000c9d2  __mspabi_remul                
0000ca2a  USCI0RX_ISR                   
0000ca7e  printNumber                   
0000cace  __mspabi_srli                 
0000cadc  __mspabi_srli_15              
0000cae0  __mspabi_srli_14              
0000cae4  __mspabi_srli_13              
0000cae8  __mspabi_srli_12              
0000caec  __mspabi_srli_11              
0000caf0  __mspabi_srli_10              
0000caf4  __mspabi_srli_9               
0000caf8  __mspabi_srli_8               
0000cafc  __mspabi_srli_7               
0000cb00  __mspabi_srli_6               
0000cb04  __mspabi_srli_5               
0000cb08  __mspabi_srli_4               
0000cb0c  __mspabi_srli_3               
0000cb10  __mspabi_srli_2               
0000cb14  __mspabi_srli_1               
0000cb1a  __TI_auto_init_nobinit_nopinit
0000cb5c  __mspabi_sral_15              
0000cb60  __mspabi_sral_14              
0000cb64  __mspabi_sral_13              
0000cb68  __mspabi_sral_12              
0000cb6c  __mspabi_sral_11              
0000cb70  __mspabi_sral_10              
0000cb74  __mspabi_sral_9               
0000cb78  __mspabi_sral_8               
0000cb7c  __mspabi_sral_7               
0000cb80  __mspabi_sral_6               
0000cb84  __mspabi_sral_5               
0000cb88  __mspabi_sral_4               
0000cb8c  __mspabi_sral_3               
0000cb90  __mspabi_sral_2               
0000cb94  __mspabi_sral_1               
0000cb9a  __mspabi_slll_15              
0000cb9e  __mspabi_slll_14              
0000cba2  __mspabi_slll_13              
0000cba6  __mspabi_slll_12              
0000cbaa  __mspabi_slll_11              
0000cbae  __mspabi_slll_10              
0000cbb2  __mspabi_slll_9               
0000cbb6  __mspabi_slll_8               
0000cbba  __mspabi_slll_7               
0000cbbe  __mspabi_slll_6               
0000cbc2  __mspabi_slll_5               
0000cbc6  __mspabi_slll_4               
0000cbca  __mspabi_slll_3               
0000cbce  __mspabi_slll_2               
0000cbd2  __mspabi_slll_1               
0000cbd8  main                          
0000cc0a  __mspabi_srai                 
0000cc16  __mspabi_srai_15              
0000cc18  __mspabi_srai_14              
0000cc1a  __mspabi_srai_13              
0000cc1c  __mspabi_srai_12              
0000cc1e  __mspabi_srai_11              
0000cc20  __mspabi_srai_10              
0000cc22  __mspabi_srai_9               
0000cc24  __mspabi_srai_8               
0000cc26  __mspabi_srai_7               
0000cc28  __mspabi_srai_6               
0000cc2a  __mspabi_srai_5               
0000cc2c  __mspabi_srai_4               
0000cc2e  __mspabi_srai_3               
0000cc30  __mspabi_srai_2               
0000cc32  __mspabi_srai_1               
0000cc36  __mspabi_slli                 
0000cc42  __mspabi_slli_15              
0000cc44  __mspabi_slli_14              
0000cc46  __mspabi_slli_13              
0000cc48  __mspabi_slli_12              
0000cc4a  __mspabi_slli_11              
0000cc4c  __mspabi_slli_10              
0000cc4e  __mspabi_slli_9               
0000cc50  __mspabi_slli_8               
0000cc52  __mspabi_slli_7               
0000cc54  __mspabi_slli_6               
0000cc56  __mspabi_slli_5               
0000cc58  __mspabi_slli_4               
0000cc5a  __mspabi_slli_3               
0000cc5c  __mspabi_slli_2               
0000cc5e  __mspabi_slli_1               
0000cc62  init_uart                     
0000cc8c  __mspabi_mpyl                 
0000cc8c  __mspabi_mpyl_sw              
0000ccb2  init_timer                    
0000ccd6  print                         
0000ccf6  _c_int00_noargs               
0000cd12  wait_ms                       
0000cd2c  init_ultrasonic_pins          
0000cd42  __TI_zero_init_nomemset       
0000cd56  __mspabi_mpyi                 
0000cd56  __mspabi_mpyi_sw              
0000cd6a  __mspabi_srll                 
0000cd7c  __mspabi_func_epilog_7        
0000cd7e  __mspabi_func_epilog_6        
0000cd80  __mspabi_func_epilog_5        
0000cd82  __mspabi_func_epilog_4        
0000cd84  __mspabi_func_epilog_3        
0000cd86  __mspabi_func_epilog_2        
0000cd88  __mspabi_func_epilog_1        
0000cd8c  __TI_ISR_TRAP                 
0000cd94  C$$EXIT                       
0000cd94  abort                         
0000cd9a  reset_timer                   
0000cda0  _system_pre_init              
0000cda4  _system_post_cinit            
0000cdae  __TI_Handler_Table_Base       
0000cdb0  __TI_CINIT_Base               
0000cdb0  __TI_Handler_Table_Limit      
0000cdb4  __TI_CINIT_Limit              
0000ffe0  __TI_int00                    
0000ffe4  __TI_int02                    
0000ffe6  __TI_int03                    
0000ffea  __TI_int05                    
0000ffec  __TI_int06                    
0000ffee  __TI_int07                    
0000fff0  __TI_int08                    
0000fff2  __TI_int09                    
0000fff4  __TI_int10                    
0000fff6  __TI_int11                    
0000fff8  __TI_int12                    
0000fffa  __TI_int13                    
0000fffc  __TI_int14                    
0000fffe  _reset_vector                 
ffffffff  __TI_pprof_out_hndl           
ffffffff  __TI_prof_data_size           
ffffffff  __TI_prof_data_start          
ffffffff  __c_args__                    

[257 symbols]
